// Jest Snapshot v1, https://goo.gl/fbAQLP

exports[`EditTodoModal component should not render at all when isOpen is false 1`] = `""`;

exports[`EditTodoModal component should render as expected when isOpen is true 1`] = `
<Modal
  closeOnDimmerClick={true}
  closeOnDocumentClick={false}
  dimmer={true}
  eventPool="Modal"
  open={true}
  size="tiny"
>
  <ModalHeader>
    <Grid
      width={16}
    >
      <GridColumn
        width={10}
      >
        Edit your todo:
      </GridColumn>
      <GridColumn
        style={
          Object {
            "color": "#999999",
            "fontSize": "1rem",
          }
        }
        textAlign="right"
        verticalAlign="middle"
        width={6}
      />
    </Grid>
  </ModalHeader>
  <ModalContent
    scrolling={true}
  >
    <ModalDescription>
      <Form
        as="form"
      >
        <TextArea
          as="textarea"
          autoHeight={true}
          onChange={[Function]}
          placeholder="ToDo text ..."
          rows={3}
          size="small"
          value="You should do this thing right now"
        />
      </Form>
    </ModalDescription>
  </ModalContent>
  <ModalActions>
    <ButtonGroup>
      <Button
        as="button"
        color="green"
        onClick={[Function]}
      >
        Save
      </Button>
      <Button
        as="button"
        color="grey"
        onClick={[Function]}
      >
        Close
      </Button>
    </ButtonGroup>
  </ModalActions>
</Modal>
`;
