// Jest Snapshot v1, https://goo.gl/fbAQLP

exports[`Todo component should render as expected 1`] = `
<div>
  <Navbar />
  <Container
    text={true}
  >
    <Divider
      hidden={true}
    />
    <TodoInput
      onButtonClick={[Function]}
    />
    <Divider
      hidden={true}
    />
  </Container>
  <Divider
    hidden={true}
  />
  <Footer />
</div>
`;
